<!DOCTYPE html PUBLIC "-//W3C//DTD XHTML 1.0 Transitional//EN" "http://www.w3.org/TR/xhtml1/DTD/xhtml1-transitional.dtd">
<html xmlns="http://www.w3.org/1999/xhtml">
<head>
<meta http-equiv="Content-Type" content="text/xhtml;charset=UTF-8"/>
<meta http-equiv="X-UA-Compatible" content="IE=9"/>
<meta name="generator" content="Doxygen 1.8.13"/>
<meta name="viewport" content="width=device-width, initial-scale=1"/>
<title>Glow: glow::detail::GlowExpected&lt; T &gt; Class Template Reference</title>
<link href="tabs.css" rel="stylesheet" type="text/css"/>
<script type="text/javascript" src="jquery.js"></script>
<script type="text/javascript" src="dynsections.js"></script>
<link href="search/search.css" rel="stylesheet" type="text/css"/>
<script type="text/javascript" src="search/searchdata.js"></script>
<script type="text/javascript" src="search/search.js"></script>
<link href="doxygen.css" rel="stylesheet" type="text/css" />
</head>
<body>
<div id="top"><!-- do not remove this div, it is closed by doxygen! -->
<div id="titlearea">
<table cellspacing="0" cellpadding="0">
 <tbody>
 <tr style="height: 56px;">
  <td id="projectalign" style="padding-left: 0.5em;">
   <div id="projectname">Glow
   </div>
  </td>
 </tr>
 </tbody>
</table>
</div>
<!-- end header part -->
<!-- Generated by Doxygen 1.8.13 -->
<script type="text/javascript">
var searchBox = new SearchBox("searchBox", "search",false,'Search');
</script>
<script type="text/javascript" src="menudata.js"></script>
<script type="text/javascript" src="menu.js"></script>
<script type="text/javascript">
$(function() {
  initMenu('',true,false,'search.php','Search');
  $(document).ready(function() { init_search(); });
});
</script>
<div id="main-nav"></div>
<!-- window showing the filter options -->
<div id="MSearchSelectWindow"
     onmouseover="return searchBox.OnSearchSelectShow()"
     onmouseout="return searchBox.OnSearchSelectHide()"
     onkeydown="return searchBox.OnSearchSelectKey(event)">
</div>

<!-- iframe showing the search results (closed by default) -->
<div id="MSearchResultsWindow">
<iframe src="javascript:void(0)" frameborder="0" 
        name="MSearchResults" id="MSearchResults">
</iframe>
</div>

<div id="nav-path" class="navpath">
  <ul>
<li class="navelem"><a class="el" href="namespaceglow.html">glow</a></li><li class="navelem"><a class="el" href="namespaceglow_1_1detail.html">detail</a></li><li class="navelem"><a class="el" href="classglow_1_1detail_1_1_glow_expected.html">GlowExpected</a></li>  </ul>
</div>
</div><!-- top -->
<div class="header">
  <div class="summary">
<a href="#nested-classes">Classes</a> &#124;
<a href="#pub-methods">Public Member Functions</a> &#124;
<a href="#friends">Friends</a> &#124;
<a href="classglow_1_1detail_1_1_glow_expected-members.html">List of all members</a>  </div>
  <div class="headertitle">
<div class="title">glow::detail::GlowExpected&lt; T &gt; Class Template Reference</div>  </div>
</div><!--header-->
<div class="contents">

<p><code>#include &lt;<a class="el" href="_error_8h_source.html">Error.h</a>&gt;</code></p>
<div class="dynheader">
Inheritance diagram for glow::detail::GlowExpected&lt; T &gt;:</div>
<div class="dyncontent">
 <div class="center">
  <img src="classglow_1_1detail_1_1_glow_expected.png" usemap="#glow::detail::GlowExpected_3C_20T_20_3E_map" alt=""/>
  <map id="glow::detail::GlowExpected_3C_20T_20_3E_map" name="glow::detail::GlowExpected_3C_20T_20_3E_map">
<area href="classglow_1_1detail_1_1_check_state.html" alt="glow::detail::CheckState&lt; detail::enableCheckingErrors &gt;" shape="rect" coords="0,0,331,24"/>
</map>
 </div></div>
<table class="memberdecls">
<tr class="heading"><td colspan="2"><h2 class="groupheader"><a name="pub-methods"></a>
Public Member Functions</h2></td></tr>
<tr class="memitem:aa21ba9bdd7c064878fd769bee6216712"><td class="memItemLeft" align="right" valign="top">&#160;</td><td class="memItemRight" valign="bottom"><a class="el" href="classglow_1_1detail_1_1_glow_expected.html#aa21ba9bdd7c064878fd769bee6216712">GlowExpected</a> (<a class="el" href="classglow_1_1detail_1_1_glow_error.html">GlowError</a> error)</td></tr>
<tr class="separator:aa21ba9bdd7c064878fd769bee6216712"><td class="memSeparator" colspan="2">&#160;</td></tr>
<tr class="memitem:abd74b8b0b12220c3797100124058c2db"><td class="memItemLeft" align="right" valign="top"><a id="abd74b8b0b12220c3797100124058c2db"></a>
&#160;</td><td class="memItemRight" valign="bottom"><a class="el" href="classglow_1_1detail_1_1_glow_expected.html#abd74b8b0b12220c3797100124058c2db">GlowExpected</a> (<a class="el" href="classglow_1_1detail_1_1_glow_error_success.html">GlowErrorSuccess</a>)=delete</td></tr>
<tr class="memdesc:abd74b8b0b12220c3797100124058c2db"><td class="mdescLeft">&#160;</td><td class="mdescRight">Disallow construction of Expected from ErrorSuccess and ErrorEmpty. <br /></td></tr>
<tr class="separator:abd74b8b0b12220c3797100124058c2db"><td class="memSeparator" colspan="2">&#160;</td></tr>
<tr class="memitem:a2953e58ad90e469dd025a98dd9590690"><td class="memItemLeft" align="right" valign="top"><a id="a2953e58ad90e469dd025a98dd9590690"></a>
&#160;</td><td class="memItemRight" valign="bottom"><b>GlowExpected</b> (<a class="el" href="classglow_1_1detail_1_1_glow_error_empty.html">GlowErrorEmpty</a>)=delete</td></tr>
<tr class="separator:a2953e58ad90e469dd025a98dd9590690"><td class="memSeparator" colspan="2">&#160;</td></tr>
<tr class="memitem:af574842af6b0354d6a73eaafd4a9eeed"><td class="memTemplParams" colspan="2">template&lt;typename OtherT &gt; </td></tr>
<tr class="memitem:af574842af6b0354d6a73eaafd4a9eeed"><td class="memTemplItemLeft" align="right" valign="top">&#160;</td><td class="memTemplItemRight" valign="bottom"><a class="el" href="classglow_1_1detail_1_1_glow_expected.html#af574842af6b0354d6a73eaafd4a9eeed">GlowExpected</a> (OtherT &amp;&amp;other, typename std::enable_if&lt; std::is_convertible&lt; OtherT, T &gt;::value &gt;::type *=nullptr)</td></tr>
<tr class="separator:af574842af6b0354d6a73eaafd4a9eeed"><td class="memSeparator" colspan="2">&#160;</td></tr>
<tr class="memitem:a0afaa30b589cf8ffa06f45b333d91828"><td class="memItemLeft" align="right" valign="top"><a id="a0afaa30b589cf8ffa06f45b333d91828"></a>
&#160;</td><td class="memItemRight" valign="bottom"><a class="el" href="classglow_1_1detail_1_1_glow_expected.html#a0afaa30b589cf8ffa06f45b333d91828">GlowExpected</a> (<a class="el" href="classglow_1_1detail_1_1_glow_expected.html">GlowExpected</a> &amp;&amp;other)</td></tr>
<tr class="memdesc:a0afaa30b589cf8ffa06f45b333d91828"><td class="mdescLeft">&#160;</td><td class="mdescRight">Move construct Expected&lt;T&gt; from another Expected&lt;T&gt;. <br /></td></tr>
<tr class="separator:a0afaa30b589cf8ffa06f45b333d91828"><td class="memSeparator" colspan="2">&#160;</td></tr>
<tr class="memitem:adefb9b97647f3b44c5442bf5d9295630"><td class="memTemplParams" colspan="2">template&lt;typename OtherT &gt; </td></tr>
<tr class="memitem:adefb9b97647f3b44c5442bf5d9295630"><td class="memTemplItemLeft" align="right" valign="top">&#160;</td><td class="memTemplItemRight" valign="bottom"><a class="el" href="classglow_1_1detail_1_1_glow_expected.html#adefb9b97647f3b44c5442bf5d9295630">GlowExpected</a> (<a class="el" href="classglow_1_1detail_1_1_glow_expected.html">GlowExpected</a>&lt; OtherT &gt; &amp;&amp;other, typename std::enable_if&lt; std::is_convertible&lt; OtherT, T &gt;::value &gt;::type *=nullptr)</td></tr>
<tr class="separator:adefb9b97647f3b44c5442bf5d9295630"><td class="memSeparator" colspan="2">&#160;</td></tr>
<tr class="memitem:a9374b8773360544e44b195d79ff4be3d"><td class="memItemLeft" align="right" valign="top"><a id="a9374b8773360544e44b195d79ff4be3d"></a>
<a class="el" href="classglow_1_1detail_1_1_glow_expected.html">GlowExpected</a> &amp;&#160;</td><td class="memItemRight" valign="bottom"><a class="el" href="classglow_1_1detail_1_1_glow_expected.html#a9374b8773360544e44b195d79ff4be3d">operator=</a> (<a class="el" href="classglow_1_1detail_1_1_glow_expected.html">GlowExpected</a> &amp;&amp;other)</td></tr>
<tr class="memdesc:a9374b8773360544e44b195d79ff4be3d"><td class="mdescLeft">&#160;</td><td class="mdescRight">Move assign Expected&lt;T&gt; from another Expected&lt;T&gt;. <br /></td></tr>
<tr class="separator:a9374b8773360544e44b195d79ff4be3d"><td class="memSeparator" colspan="2">&#160;</td></tr>
<tr class="memitem:a958e10595954eb2488e0adc018eb5ecc"><td class="memItemLeft" align="right" valign="top"><a id="a958e10595954eb2488e0adc018eb5ecc"></a>
&#160;</td><td class="memItemRight" valign="bottom"><a class="el" href="classglow_1_1detail_1_1_glow_expected.html#a958e10595954eb2488e0adc018eb5ecc">~GlowExpected</a> ()</td></tr>
<tr class="memdesc:a958e10595954eb2488e0adc018eb5ecc"><td class="mdescLeft">&#160;</td><td class="mdescRight">Destructor for Expected, manually destroys the constents of payload_. <br /></td></tr>
<tr class="separator:a958e10595954eb2488e0adc018eb5ecc"><td class="memSeparator" colspan="2">&#160;</td></tr>
<tr class="memitem:a5f11ce0f16940007250f5e3c516903a1"><td class="memItemLeft" align="right" valign="top">&#160;</td><td class="memItemRight" valign="bottom"><a class="el" href="classglow_1_1detail_1_1_glow_expected.html#a5f11ce0f16940007250f5e3c516903a1">operator bool</a> ()</td></tr>
<tr class="separator:a5f11ce0f16940007250f5e3c516903a1"><td class="memSeparator" colspan="2">&#160;</td></tr>
<tr class="memitem:abfeffb8f8a2235149b4af9470da05234"><td class="memItemLeft" align="right" valign="top"><a id="abfeffb8f8a2235149b4af9470da05234"></a>
T &amp;&#160;</td><td class="memItemRight" valign="bottom"><a class="el" href="classglow_1_1detail_1_1_glow_expected.html#abfeffb8f8a2235149b4af9470da05234">get</a> ()</td></tr>
<tr class="memdesc:abfeffb8f8a2235149b4af9470da05234"><td class="mdescLeft">&#160;</td><td class="mdescRight">Get a reference to a value contained by payload_. <br /></td></tr>
<tr class="separator:abfeffb8f8a2235149b4af9470da05234"><td class="memSeparator" colspan="2">&#160;</td></tr>
<tr class="memitem:a1bab1d511acf2fe90dfd67647f945393"><td class="memItemLeft" align="right" valign="top"><a id="a1bab1d511acf2fe90dfd67647f945393"></a>
const T &amp;&#160;</td><td class="memItemRight" valign="bottom"><a class="el" href="classglow_1_1detail_1_1_glow_expected.html#a1bab1d511acf2fe90dfd67647f945393">get</a> () const</td></tr>
<tr class="memdesc:a1bab1d511acf2fe90dfd67647f945393"><td class="mdescLeft">&#160;</td><td class="mdescRight">Get a const reference to a value contained by payload_. <br /></td></tr>
<tr class="separator:a1bab1d511acf2fe90dfd67647f945393"><td class="memSeparator" colspan="2">&#160;</td></tr>
<tr class="memitem:a694628a1468d324f12b2ecd6d553797f"><td class="memItemLeft" align="right" valign="top"><a class="el" href="classglow_1_1detail_1_1_glow_error.html">GlowError</a>&#160;</td><td class="memItemRight" valign="bottom"><a class="el" href="classglow_1_1detail_1_1_glow_expected.html#a694628a1468d324f12b2ecd6d553797f">takeError</a> ()</td></tr>
<tr class="separator:a694628a1468d324f12b2ecd6d553797f"><td class="memSeparator" colspan="2">&#160;</td></tr>
<tr class="memitem:a17430386a9672441e0916b95670acb09"><td class="memItemLeft" align="right" valign="top"><a id="a17430386a9672441e0916b95670acb09"></a>
T *&#160;</td><td class="memItemRight" valign="bottom"><b>operator-&gt;</b> ()</td></tr>
<tr class="separator:a17430386a9672441e0916b95670acb09"><td class="memSeparator" colspan="2">&#160;</td></tr>
<tr class="memitem:aeec9ce61bf53d271f617c7670c91fc33"><td class="memItemLeft" align="right" valign="top"><a id="aeec9ce61bf53d271f617c7670c91fc33"></a>
const T *&#160;</td><td class="memItemRight" valign="bottom"><b>operator-&gt;</b> () const</td></tr>
<tr class="separator:aeec9ce61bf53d271f617c7670c91fc33"><td class="memSeparator" colspan="2">&#160;</td></tr>
<tr class="memitem:ad24c4006c3031859614de80350886169"><td class="memItemLeft" align="right" valign="top"><a id="ad24c4006c3031859614de80350886169"></a>
T &amp;&#160;</td><td class="memItemRight" valign="bottom"><b>operator*</b> ()</td></tr>
<tr class="separator:ad24c4006c3031859614de80350886169"><td class="memSeparator" colspan="2">&#160;</td></tr>
<tr class="memitem:aa73faab12594ffda1409cd8824284752"><td class="memItemLeft" align="right" valign="top"><a id="aa73faab12594ffda1409cd8824284752"></a>
const T &amp;&#160;</td><td class="memItemRight" valign="bottom"><b>operator*</b> () const</td></tr>
<tr class="separator:aa73faab12594ffda1409cd8824284752"><td class="memSeparator" colspan="2">&#160;</td></tr>
</table><table class="memberdecls">
<tr class="heading"><td colspan="2"><h2 class="groupheader"><a name="friends"></a>
Friends</h2></td></tr>
<tr class="memitem:a9be753e31f76569c0e7cff1031c7e6c1"><td class="memTemplParams" colspan="2"><a id="a9be753e31f76569c0e7cff1031c7e6c1"></a>
template&lt;typename OtherT &gt; </td></tr>
<tr class="memitem:a9be753e31f76569c0e7cff1031c7e6c1"><td class="memTemplItemLeft" align="right" valign="top">class&#160;</td><td class="memTemplItemRight" valign="bottom"><b>GlowExpected</b></td></tr>
<tr class="separator:a9be753e31f76569c0e7cff1031c7e6c1"><td class="memSeparator" colspan="2">&#160;</td></tr>
<tr class="memitem:a1472ffcb479db9fd31cfb0b4afe295af"><td class="memTemplParams" colspan="2"><a id="a1472ffcb479db9fd31cfb0b4afe295af"></a>
template&lt;typename TT &gt; </td></tr>
<tr class="memitem:a1472ffcb479db9fd31cfb0b4afe295af"><td class="memTemplItemLeft" align="right" valign="top">TT&#160;</td><td class="memTemplItemRight" valign="bottom"><b>detail::exitOnError</b> (const char *fileName, size_t lineNumber, <a class="el" href="classglow_1_1detail_1_1_glow_expected.html">GlowExpected</a>&lt; TT &gt; expected)</td></tr>
<tr class="separator:a1472ffcb479db9fd31cfb0b4afe295af"><td class="memSeparator" colspan="2">&#160;</td></tr>
</table>
<a name="details" id="details"></a><h2 class="groupheader">Detailed Description</h2>
<div class="textblock"><h3>template&lt;typename T&gt;<br />
class glow::detail::GlowExpected&lt; T &gt;</h3>

<p>Expected is a templated container for either a value of type T or an ErrorValue. It is used for fallible processes that may return either a value or encounter an error. Expected ensures that its state has been checked for errors before destruction. </p>
</div><h2 class="groupheader">Constructor &amp; Destructor Documentation</h2>
<a id="aa21ba9bdd7c064878fd769bee6216712"></a>
<h2 class="memtitle"><span class="permalink"><a href="#aa21ba9bdd7c064878fd769bee6216712">&#9670;&nbsp;</a></span>GlowExpected() <span class="overload">[1/3]</span></h2>

<div class="memitem">
<div class="memproto">
<div class="memtemplate">
template&lt;typename T&gt; </div>
<table class="mlabels">
  <tr>
  <td class="mlabels-left">
      <table class="memname">
        <tr>
          <td class="memname"><a class="el" href="classglow_1_1detail_1_1_glow_expected.html">glow::detail::GlowExpected</a>&lt; T &gt;::<a class="el" href="classglow_1_1detail_1_1_glow_expected.html">GlowExpected</a> </td>
          <td>(</td>
          <td class="paramtype"><a class="el" href="classglow_1_1detail_1_1_glow_error.html">GlowError</a>&#160;</td>
          <td class="paramname"><em>error</em></td><td>)</td>
          <td></td>
        </tr>
      </table>
  </td>
  <td class="mlabels-right">
<span class="mlabels"><span class="mlabel">inline</span></span>  </td>
  </tr>
</table>
</div><div class="memdoc">
<p>Construct an Expected from an Error. The error must contain an ErrorValue. Marks the Error as checked. </p>

</div>
</div>
<a id="af574842af6b0354d6a73eaafd4a9eeed"></a>
<h2 class="memtitle"><span class="permalink"><a href="#af574842af6b0354d6a73eaafd4a9eeed">&#9670;&nbsp;</a></span>GlowExpected() <span class="overload">[2/3]</span></h2>

<div class="memitem">
<div class="memproto">
<div class="memtemplate">
template&lt;typename T&gt; </div>
<div class="memtemplate">
template&lt;typename OtherT &gt; </div>
<table class="mlabels">
  <tr>
  <td class="mlabels-left">
      <table class="memname">
        <tr>
          <td class="memname"><a class="el" href="classglow_1_1detail_1_1_glow_expected.html">glow::detail::GlowExpected</a>&lt; T &gt;::<a class="el" href="classglow_1_1detail_1_1_glow_expected.html">GlowExpected</a> </td>
          <td>(</td>
          <td class="paramtype">OtherT &amp;&amp;&#160;</td>
          <td class="paramname"><em>other</em>, </td>
        </tr>
        <tr>
          <td class="paramkey"></td>
          <td></td>
          <td class="paramtype">typename std::enable_if&lt; std::is_convertible&lt; OtherT, T &gt;::value &gt;::type *&#160;</td>
          <td class="paramname"> = <code>nullptr</code>&#160;</td>
        </tr>
        <tr>
          <td></td>
          <td>)</td>
          <td></td><td></td>
        </tr>
      </table>
  </td>
  <td class="mlabels-right">
<span class="mlabels"><span class="mlabel">inline</span></span>  </td>
  </tr>
</table>
</div><div class="memdoc">
<p>Move construct Expected&lt;T&gt; from a value of type OtherT as long as OtherT is convertible to T. </p>

</div>
</div>
<a id="adefb9b97647f3b44c5442bf5d9295630"></a>
<h2 class="memtitle"><span class="permalink"><a href="#adefb9b97647f3b44c5442bf5d9295630">&#9670;&nbsp;</a></span>GlowExpected() <span class="overload">[3/3]</span></h2>

<div class="memitem">
<div class="memproto">
<div class="memtemplate">
template&lt;typename T&gt; </div>
<div class="memtemplate">
template&lt;typename OtherT &gt; </div>
<table class="mlabels">
  <tr>
  <td class="mlabels-left">
      <table class="memname">
        <tr>
          <td class="memname"><a class="el" href="classglow_1_1detail_1_1_glow_expected.html">glow::detail::GlowExpected</a>&lt; T &gt;::<a class="el" href="classglow_1_1detail_1_1_glow_expected.html">GlowExpected</a> </td>
          <td>(</td>
          <td class="paramtype"><a class="el" href="classglow_1_1detail_1_1_glow_expected.html">GlowExpected</a>&lt; OtherT &gt; &amp;&amp;&#160;</td>
          <td class="paramname"><em>other</em>, </td>
        </tr>
        <tr>
          <td class="paramkey"></td>
          <td></td>
          <td class="paramtype">typename std::enable_if&lt; std::is_convertible&lt; OtherT, T &gt;::value &gt;::type *&#160;</td>
          <td class="paramname"> = <code>nullptr</code>&#160;</td>
        </tr>
        <tr>
          <td></td>
          <td>)</td>
          <td></td><td></td>
        </tr>
      </table>
  </td>
  <td class="mlabels-right">
<span class="mlabels"><span class="mlabel">inline</span></span>  </td>
  </tr>
</table>
</div><div class="memdoc">
<p>Move construct Expected&lt;T&gt; from Expected&lt;OtherT&gt; as long as OtherT is convertible to T. </p>

</div>
</div>
<h2 class="groupheader">Member Function Documentation</h2>
<a id="a5f11ce0f16940007250f5e3c516903a1"></a>
<h2 class="memtitle"><span class="permalink"><a href="#a5f11ce0f16940007250f5e3c516903a1">&#9670;&nbsp;</a></span>operator bool()</h2>

<div class="memitem">
<div class="memproto">
<div class="memtemplate">
template&lt;typename T&gt; </div>
<table class="mlabels">
  <tr>
  <td class="mlabels-left">
      <table class="memname">
        <tr>
          <td class="memname"><a class="el" href="classglow_1_1detail_1_1_glow_expected.html">glow::detail::GlowExpected</a>&lt; T &gt;::operator bool </td>
          <td>(</td>
          <td class="paramname"></td><td>)</td>
          <td></td>
        </tr>
      </table>
  </td>
  <td class="mlabels-right">
<span class="mlabels"><span class="mlabel">inline</span><span class="mlabel">explicit</span></span>  </td>
  </tr>
</table>
</div><div class="memdoc">
<p>Overload for operator bool that returns true if no ErrorValue is contained. Marks the state as checked if no ErrorValue is contained. </p>

</div>
</div>
<a id="a694628a1468d324f12b2ecd6d553797f"></a>
<h2 class="memtitle"><span class="permalink"><a href="#a694628a1468d324f12b2ecd6d553797f">&#9670;&nbsp;</a></span>takeError()</h2>

<div class="memitem">
<div class="memproto">
<div class="memtemplate">
template&lt;typename T&gt; </div>
<table class="mlabels">
  <tr>
  <td class="mlabels-left">
      <table class="memname">
        <tr>
          <td class="memname"><a class="el" href="classglow_1_1detail_1_1_glow_error.html">GlowError</a> <a class="el" href="classglow_1_1detail_1_1_glow_expected.html">glow::detail::GlowExpected</a>&lt; T &gt;::takeError </td>
          <td>(</td>
          <td class="paramname"></td><td>)</td>
          <td></td>
        </tr>
      </table>
  </td>
  <td class="mlabels-right">
<span class="mlabels"><span class="mlabel">inline</span></span>  </td>
  </tr>
</table>
</div><div class="memdoc">
<p>Construct and </p><dl class="section return"><dt>Returns</dt><dd>an Error and takes ownership of any ErrorValue in payload_. If no ErrorValue is in payload_ then return <a class="el" href="classglow_1_1detail_1_1_glow_error.html#ace73703b37f7e894290547c34927dba7" title="See declaration in Error for details. ">Error::success()</a>. Marks the Exected as checked no matter what. </dd></dl>

</div>
</div>
<hr/>The documentation for this class was generated from the following file:<ul>
<li>include/glow/Support/<a class="el" href="_error_8h_source.html">Error.h</a></li>
</ul>
</div><!-- contents -->
<!-- start footer part -->
<hr class="footer"/><address class="footer"><small>
Generated by &#160;<a href="http://www.doxygen.org/index.html">
<img class="footer" src="doxygen.png" alt="doxygen"/>
</a> 1.8.13
</small></address>
</body>
</html>
