\hypertarget{structglow_1_1detail_1_1_is_expected}{}\section{glow\+:\+:detail\+:\+:Is\+Expected$<$ typename $>$ Struct Template Reference}
\label{structglow_1_1detail_1_1_is_expected}\index{glow\+::detail\+::\+Is\+Expected$<$ typename $>$@{glow\+::detail\+::\+Is\+Expected$<$ typename $>$}}


Is true\+\_\+type only if applied to Expected.  




{\ttfamily \#include $<$Error.\+h$>$}

Inheritance diagram for glow\+:\+:detail\+:\+:Is\+Expected$<$ typename $>$\+:\begin{figure}[H]
\begin{center}
\leavevmode
\includegraphics[height=2.000000cm]{structglow_1_1detail_1_1_is_expected}
\end{center}
\end{figure}


\subsection{Detailed Description}
\subsubsection*{template$<$typename$>$\newline
struct glow\+::detail\+::\+Is\+Expected$<$ typename $>$}

Is true\+\_\+type only if applied to Expected. 

The documentation for this struct was generated from the following file\+:\begin{DoxyCompactItemize}
\item 
include/glow/\+Support/Error.\+h\end{DoxyCompactItemize}
